// Jest Snapshot v1, https://goo.gl/fbAQLP

exports[`Card Test renders the UI as expected 1`] = `
<div
  className="List-cards"
>
  <div
    className="Card"
  >
    <button
      type="button"
    >
      delete
    </button>
    <h3>
      Title
    </h3>
    <p>
      Content
    </p>
  </div>
</div>
`;
